pixels are 136, 153, 197, and second pixel is 139,156,200 done
136
